// Jest Snapshot v1, https://goo.gl/fbAQLP

exports[`pruebas sobre CounterApp debe hacer match con el snapshot 1`] = `
<div>
  <div>
    <h1>
      Counter App
    </h1>
    <h2>
      1
    </h2>
    <button
      aria-label="add"
    >
      +1
    </button>
    <button
      aria-label="des"
    >
      -1
    </button>
    <button
      aria-label="reset"
    >
      Reset
    </button>
  </div>
</div>
`;
