// Jest Snapshot v1, https://goo.gl/fbAQLP

exports[`Pruebas en FirstApp2 debe hacer match con el snapshot 1`] = `
<div>
  <h1
    data-testid="test-title"
  >
    Ana Giachini
  </h1>
  <p>
    No hay sub
  </p>
  <p />
</div>
`;
